// Jest Snapshot v1, https://goo.gl/fbAQLP

exports[`Snapshot 1`] = `
{
  "Parameters": {
    "BootstrapVersion": {
      "Default": "/cdk-bootstrap/hnb659fds/version",
      "Description": "Version of the CDK Bootstrap resources in this environment, automatically retrieved from SSM Parameter Store. [cdk:skip]",
      "Type": "AWS::SSM::Parameter::Value<String>",
    },
  },
  "Resources": {
    "CodeDeployRole12BEECBE": {
      "Properties": {
        "AssumeRolePolicyDocument": {
          "Statement": [
            {
              "Action": "sts:AssumeRole",
              "Effect": "Allow",
              "Principal": {
                "Service": "codepipeline.amazonaws.com",
              },
            },
          ],
          "Version": "2012-10-17",
        },
      },
      "Type": "AWS::IAM::Role",
    },
    "CodeDeployRoleDefaultPolicyC10C0991": {
      "Properties": {
        "PolicyDocument": {
          "Statement": [
            {
              "Action": "sts:AssumeRole",
              "Effect": "Allow",
              "Resource": {
                "Fn::Join": [
                  "",
                  [
                    "arn:",
                    {
                      "Ref": "AWS::Partition",
                    },
                    ":iam::",
                    {
                      "Ref": "AWS::AccountId",
                    },
                    ":role/cdk-hnb659fds-deploy-role-560388883230-ap-northeast-1",
                  ],
                ],
              },
            },
            {
              "Action": [
                "s3:GetObject*",
                "s3:GetBucket*",
                "s3:List*",
                "s3:DeleteObject*",
                "s3:PutObject",
                "s3:PutObjectLegalHold",
                "s3:PutObjectRetention",
                "s3:PutObjectTagging",
                "s3:PutObjectVersionTagging",
                "s3:Abort*",
              ],
              "Effect": "Allow",
              "Resource": [
                {
                  "Fn::GetAtt": [
                    "PipelineArtifactsBucketAEA9A052",
                    "Arn",
                  ],
                },
                {
                  "Fn::Join": [
                    "",
                    [
                      {
                        "Fn::GetAtt": [
                          "PipelineArtifactsBucketAEA9A052",
                          "Arn",
                        ],
                      },
                      "/*",
                    ],
                  ],
                },
              ],
            },
            {
              "Action": "sts:AssumeRole",
              "Effect": "Allow",
              "Resource": {
                "Fn::GetAtt": [
                  "PipelineSourcepensuke628cdkpipelinetestCodePipelineActionRole9BEFDA30",
                  "Arn",
                ],
              },
            },
            {
              "Action": "sts:AssumeRole",
              "Effect": "Allow",
              "Resource": {
                "Fn::GetAtt": [
                  "PipelineCodeBuildActionRole226DB0CB",
                  "Arn",
                ],
              },
            },
            {
              "Action": "sts:AssumeRole",
              "Effect": "Allow",
              "Resource": {
                "Fn::Join": [
                  "",
                  [
                    "arn:",
                    {
                      "Ref": "AWS::Partition",
                    },
                    ":iam::",
                    {
                      "Ref": "AWS::AccountId",
                    },
                    ":role/cdk-hnb659fds-deploy-role-",
                    {
                      "Ref": "AWS::AccountId",
                    },
                    "-",
                    {
                      "Ref": "AWS::Region",
                    },
                  ],
                ],
              },
            },
          ],
          "Version": "2012-10-17",
        },
        "PolicyName": "CodeDeployRoleDefaultPolicyC10C0991",
        "Roles": [
          {
            "Ref": "CodeDeployRole12BEECBE",
          },
        ],
      },
      "Type": "AWS::IAM::Policy",
    },
    "Pipeline9850B417": {
      "DependsOn": [
        "CodeDeployRoleDefaultPolicyC10C0991",
        "CodeDeployRole12BEECBE",
      ],
      "Properties": {
        "ArtifactStore": {
          "Location": {
            "Ref": "PipelineArtifactsBucketAEA9A052",
          },
          "Type": "S3",
        },
        "PipelineType": "V1",
        "RestartExecutionOnUpdate": true,
        "RoleArn": {
          "Fn::GetAtt": [
            "CodeDeployRole12BEECBE",
            "Arn",
          ],
        },
        "Stages": [
          {
            "Actions": [
              {
                "ActionTypeId": {
                  "Category": "Source",
                  "Owner": "AWS",
                  "Provider": "CodeStarSourceConnection",
                  "Version": "1",
                },
                "Configuration": {
                  "BranchName": "main",
                  "ConnectionArn": "arn:aws:codeconnections:ap-northeast-1:560388883230:connection/8b85ff8c-2ddc-4ed1-adc6-f4fde0550b5c",
                  "FullRepositoryId": "pensuke628/cdk_pipeline_test",
                },
                "Name": "pensuke628_cdk_pipeline_test",
                "OutputArtifacts": [
                  {
                    "Name": "pensuke628_cdk_pipeline_test_Source",
                  },
                ],
                "RoleArn": {
                  "Fn::GetAtt": [
                    "PipelineSourcepensuke628cdkpipelinetestCodePipelineActionRole9BEFDA30",
                    "Arn",
                  ],
                },
                "RunOrder": 1,
              },
            ],
            "Name": "Source",
          },
          {
            "Actions": [
              {
                "ActionTypeId": {
                  "Category": "Build",
                  "Owner": "AWS",
                  "Provider": "CodeBuild",
                  "Version": "1",
                },
                "Configuration": {
                  "ProjectName": {
                    "Ref": "PipelineBuildSynthCdkBuildProject6BEFA8E6",
                  },
                },
                "InputArtifacts": [
                  {
                    "Name": "pensuke628_cdk_pipeline_test_Source",
                  },
                ],
                "Name": "Synth",
                "OutputArtifacts": [
                  {
                    "Name": "Synth_Output",
                  },
                ],
                "RoleArn": {
                  "Fn::GetAtt": [
                    "PipelineCodeBuildActionRole226DB0CB",
                    "Arn",
                  ],
                },
                "RunOrder": 1,
              },
            ],
            "Name": "Build",
          },
          {
            "Actions": [
              {
                "ActionTypeId": {
                  "Category": "Deploy",
                  "Owner": "AWS",
                  "Provider": "CloudFormation",
                  "Version": "1",
                },
                "Configuration": {
                  "ActionMode": "CHANGE_SET_REPLACE",
                  "Capabilities": "CAPABILITY_NAMED_IAM,CAPABILITY_AUTO_EXPAND",
                  "ChangeSetName": "PipelineChange",
                  "RoleArn": {
                    "Fn::Join": [
                      "",
                      [
                        "arn:",
                        {
                          "Ref": "AWS::Partition",
                        },
                        ":iam::",
                        {
                          "Ref": "AWS::AccountId",
                        },
                        ":role/cdk-hnb659fds-cfn-exec-role-",
                        {
                          "Ref": "AWS::AccountId",
                        },
                        "-",
                        {
                          "Ref": "AWS::Region",
                        },
                      ],
                    ],
                  },
                  "StackName": "Dev-InfraStack",
                  "TemplatePath": "Synth_Output::assembly-test-Dev/testDevInfraStack574EC72A.template.json",
                },
                "InputArtifacts": [
                  {
                    "Name": "Synth_Output",
                  },
                ],
                "Name": "Prepare",
                "RoleArn": {
                  "Fn::Join": [
                    "",
                    [
                      "arn:",
                      {
                        "Ref": "AWS::Partition",
                      },
                      ":iam::",
                      {
                        "Ref": "AWS::AccountId",
                      },
                      ":role/cdk-hnb659fds-deploy-role-",
                      {
                        "Ref": "AWS::AccountId",
                      },
                      "-",
                      {
                        "Ref": "AWS::Region",
                      },
                    ],
                  ],
                },
                "RunOrder": 1,
              },
              {
                "ActionTypeId": {
                  "Category": "Deploy",
                  "Owner": "AWS",
                  "Provider": "CloudFormation",
                  "Version": "1",
                },
                "Configuration": {
                  "ActionMode": "CHANGE_SET_EXECUTE",
                  "ChangeSetName": "PipelineChange",
                  "StackName": "Dev-InfraStack",
                },
                "Name": "Deploy",
                "RoleArn": {
                  "Fn::Join": [
                    "",
                    [
                      "arn:",
                      {
                        "Ref": "AWS::Partition",
                      },
                      ":iam::",
                      {
                        "Ref": "AWS::AccountId",
                      },
                      ":role/cdk-hnb659fds-deploy-role-",
                      {
                        "Ref": "AWS::AccountId",
                      },
                      "-",
                      {
                        "Ref": "AWS::Region",
                      },
                    ],
                  ],
                },
                "RunOrder": 2,
              },
            ],
            "Name": "Dev",
          },
        ],
      },
      "Type": "AWS::CodePipeline::Pipeline",
    },
    "PipelineArtifactsBucketAEA9A052": {
      "DeletionPolicy": "Retain",
      "Properties": {
        "BucketEncryption": {
          "ServerSideEncryptionConfiguration": [
            {
              "ServerSideEncryptionByDefault": {
                "SSEAlgorithm": "aws:kms",
              },
            },
          ],
        },
        "PublicAccessBlockConfiguration": {
          "BlockPublicAcls": true,
          "BlockPublicPolicy": true,
          "IgnorePublicAcls": true,
          "RestrictPublicBuckets": true,
        },
      },
      "Type": "AWS::S3::Bucket",
      "UpdateReplacePolicy": "Retain",
    },
    "PipelineArtifactsBucketPolicyF53CCC52": {
      "Properties": {
        "Bucket": {
          "Ref": "PipelineArtifactsBucketAEA9A052",
        },
        "PolicyDocument": {
          "Statement": [
            {
              "Action": "s3:*",
              "Condition": {
                "Bool": {
                  "aws:SecureTransport": "false",
                },
              },
              "Effect": "Deny",
              "Principal": {
                "AWS": "*",
              },
              "Resource": [
                {
                  "Fn::GetAtt": [
                    "PipelineArtifactsBucketAEA9A052",
                    "Arn",
                  ],
                },
                {
                  "Fn::Join": [
                    "",
                    [
                      {
                        "Fn::GetAtt": [
                          "PipelineArtifactsBucketAEA9A052",
                          "Arn",
                        ],
                      },
                      "/*",
                    ],
                  ],
                },
              ],
            },
            {
              "Action": [
                "s3:GetObject*",
                "s3:GetBucket*",
                "s3:List*",
              ],
              "Effect": "Allow",
              "Principal": {
                "AWS": {
                  "Fn::Join": [
                    "",
                    [
                      "arn:",
                      {
                        "Ref": "AWS::Partition",
                      },
                      ":iam::",
                      {
                        "Ref": "AWS::AccountId",
                      },
                      ":role/cdk-hnb659fds-deploy-role-",
                      {
                        "Ref": "AWS::AccountId",
                      },
                      "-",
                      {
                        "Ref": "AWS::Region",
                      },
                    ],
                  ],
                },
              },
              "Resource": [
                {
                  "Fn::GetAtt": [
                    "PipelineArtifactsBucketAEA9A052",
                    "Arn",
                  ],
                },
                {
                  "Fn::Join": [
                    "",
                    [
                      {
                        "Fn::GetAtt": [
                          "PipelineArtifactsBucketAEA9A052",
                          "Arn",
                        ],
                      },
                      "/*",
                    ],
                  ],
                },
              ],
            },
          ],
          "Version": "2012-10-17",
        },
      },
      "Type": "AWS::S3::BucketPolicy",
    },
    "PipelineBuildSynthCdkBuildProject6BEFA8E6": {
      "Properties": {
        "Artifacts": {
          "Type": "CODEPIPELINE",
        },
        "Cache": {
          "Type": "NO_CACHE",
        },
        "Description": "Pipeline step test/Pipeline/Build/Synth",
        "EncryptionKey": "alias/aws/s3",
        "Environment": {
          "ComputeType": "BUILD_GENERAL1_SMALL",
          "Image": "aws/codebuild/standard:7.0",
          "ImagePullCredentialsType": "CODEBUILD",
          "PrivilegedMode": false,
          "Type": "LINUX_CONTAINER",
        },
        "ServiceRole": {
          "Fn::GetAtt": [
            "PipelineBuildSynthCdkBuildProjectRole231EEA2A",
            "Arn",
          ],
        },
        "Source": {
          "BuildSpec": "{
  "version": "0.2",
  "phases": {
    "build": {
      "commands": [
        "npm install",
        "npm run build",
        "npx cdk synth"
      ]
    }
  },
  "artifacts": {
    "base-directory": "cdk.out",
    "files": "**/*"
  }
}",
          "Type": "CODEPIPELINE",
        },
      },
      "Type": "AWS::CodeBuild::Project",
    },
    "PipelineBuildSynthCdkBuildProjectRole231EEA2A": {
      "Properties": {
        "AssumeRolePolicyDocument": {
          "Statement": [
            {
              "Action": "sts:AssumeRole",
              "Effect": "Allow",
              "Principal": {
                "Service": "codebuild.amazonaws.com",
              },
            },
          ],
          "Version": "2012-10-17",
        },
      },
      "Type": "AWS::IAM::Role",
    },
    "PipelineBuildSynthCdkBuildProjectRoleDefaultPolicyFB6C941C": {
      "Properties": {
        "PolicyDocument": {
          "Statement": [
            {
              "Action": [
                "logs:CreateLogGroup",
                "logs:CreateLogStream",
                "logs:PutLogEvents",
              ],
              "Effect": "Allow",
              "Resource": [
                {
                  "Fn::Join": [
                    "",
                    [
                      "arn:",
                      {
                        "Ref": "AWS::Partition",
                      },
                      ":logs:",
                      {
                        "Ref": "AWS::Region",
                      },
                      ":",
                      {
                        "Ref": "AWS::AccountId",
                      },
                      ":log-group:/aws/codebuild/",
                      {
                        "Ref": "PipelineBuildSynthCdkBuildProject6BEFA8E6",
                      },
                    ],
                  ],
                },
                {
                  "Fn::Join": [
                    "",
                    [
                      "arn:",
                      {
                        "Ref": "AWS::Partition",
                      },
                      ":logs:",
                      {
                        "Ref": "AWS::Region",
                      },
                      ":",
                      {
                        "Ref": "AWS::AccountId",
                      },
                      ":log-group:/aws/codebuild/",
                      {
                        "Ref": "PipelineBuildSynthCdkBuildProject6BEFA8E6",
                      },
                      ":*",
                    ],
                  ],
                },
              ],
            },
            {
              "Action": [
                "codebuild:CreateReportGroup",
                "codebuild:CreateReport",
                "codebuild:UpdateReport",
                "codebuild:BatchPutTestCases",
                "codebuild:BatchPutCodeCoverages",
              ],
              "Effect": "Allow",
              "Resource": {
                "Fn::Join": [
                  "",
                  [
                    "arn:",
                    {
                      "Ref": "AWS::Partition",
                    },
                    ":codebuild:",
                    {
                      "Ref": "AWS::Region",
                    },
                    ":",
                    {
                      "Ref": "AWS::AccountId",
                    },
                    ":report-group/",
                    {
                      "Ref": "PipelineBuildSynthCdkBuildProject6BEFA8E6",
                    },
                    "-*",
                  ],
                ],
              },
            },
            {
              "Action": [
                "s3:GetObject*",
                "s3:GetBucket*",
                "s3:List*",
                "s3:DeleteObject*",
                "s3:PutObject",
                "s3:PutObjectLegalHold",
                "s3:PutObjectRetention",
                "s3:PutObjectTagging",
                "s3:PutObjectVersionTagging",
                "s3:Abort*",
              ],
              "Effect": "Allow",
              "Resource": [
                {
                  "Fn::GetAtt": [
                    "PipelineArtifactsBucketAEA9A052",
                    "Arn",
                  ],
                },
                {
                  "Fn::Join": [
                    "",
                    [
                      {
                        "Fn::GetAtt": [
                          "PipelineArtifactsBucketAEA9A052",
                          "Arn",
                        ],
                      },
                      "/*",
                    ],
                  ],
                },
              ],
            },
          ],
          "Version": "2012-10-17",
        },
        "PolicyName": "PipelineBuildSynthCdkBuildProjectRoleDefaultPolicyFB6C941C",
        "Roles": [
          {
            "Ref": "PipelineBuildSynthCdkBuildProjectRole231EEA2A",
          },
        ],
      },
      "Type": "AWS::IAM::Policy",
    },
    "PipelineCodeBuildActionRole226DB0CB": {
      "Properties": {
        "AssumeRolePolicyDocument": {
          "Statement": [
            {
              "Action": "sts:AssumeRole",
              "Effect": "Allow",
              "Principal": {
                "AWS": {
                  "Fn::GetAtt": [
                    "CodeDeployRole12BEECBE",
                    "Arn",
                  ],
                },
              },
            },
          ],
          "Version": "2012-10-17",
        },
      },
      "Type": "AWS::IAM::Role",
    },
    "PipelineCodeBuildActionRoleDefaultPolicy1D62A6FE": {
      "Properties": {
        "PolicyDocument": {
          "Statement": [
            {
              "Action": [
                "codebuild:BatchGetBuilds",
                "codebuild:StartBuild",
                "codebuild:StopBuild",
              ],
              "Effect": "Allow",
              "Resource": {
                "Fn::GetAtt": [
                  "PipelineBuildSynthCdkBuildProject6BEFA8E6",
                  "Arn",
                ],
              },
            },
          ],
          "Version": "2012-10-17",
        },
        "PolicyName": "PipelineCodeBuildActionRoleDefaultPolicy1D62A6FE",
        "Roles": [
          {
            "Ref": "PipelineCodeBuildActionRole226DB0CB",
          },
        ],
      },
      "Type": "AWS::IAM::Policy",
    },
    "PipelineSourcepensuke628cdkpipelinetestCodePipelineActionRole9BEFDA30": {
      "Properties": {
        "AssumeRolePolicyDocument": {
          "Statement": [
            {
              "Action": "sts:AssumeRole",
              "Effect": "Allow",
              "Principal": {
                "AWS": {
                  "Fn::Join": [
                    "",
                    [
                      "arn:",
                      {
                        "Ref": "AWS::Partition",
                      },
                      ":iam::",
                      {
                        "Ref": "AWS::AccountId",
                      },
                      ":root",
                    ],
                  ],
                },
              },
            },
          ],
          "Version": "2012-10-17",
        },
      },
      "Type": "AWS::IAM::Role",
    },
    "PipelineSourcepensuke628cdkpipelinetestCodePipelineActionRoleDefaultPolicy69042C2B": {
      "Properties": {
        "PolicyDocument": {
          "Statement": [
            {
              "Action": "codestar-connections:UseConnection",
              "Effect": "Allow",
              "Resource": "arn:aws:codeconnections:ap-northeast-1:560388883230:connection/8b85ff8c-2ddc-4ed1-adc6-f4fde0550b5c",
            },
            {
              "Action": [
                "s3:GetObject*",
                "s3:GetBucket*",
                "s3:List*",
                "s3:DeleteObject*",
                "s3:PutObject",
                "s3:PutObjectLegalHold",
                "s3:PutObjectRetention",
                "s3:PutObjectTagging",
                "s3:PutObjectVersionTagging",
                "s3:Abort*",
              ],
              "Effect": "Allow",
              "Resource": [
                {
                  "Fn::GetAtt": [
                    "PipelineArtifactsBucketAEA9A052",
                    "Arn",
                  ],
                },
                {
                  "Fn::Join": [
                    "",
                    [
                      {
                        "Fn::GetAtt": [
                          "PipelineArtifactsBucketAEA9A052",
                          "Arn",
                        ],
                      },
                      "/*",
                    ],
                  ],
                },
              ],
            },
            {
              "Action": [
                "s3:PutObjectAcl",
                "s3:PutObjectVersionAcl",
              ],
              "Effect": "Allow",
              "Resource": {
                "Fn::Join": [
                  "",
                  [
                    {
                      "Fn::GetAtt": [
                        "PipelineArtifactsBucketAEA9A052",
                        "Arn",
                      ],
                    },
                    "/*",
                  ],
                ],
              },
            },
          ],
          "Version": "2012-10-17",
        },
        "PolicyName": "PipelineSourcepensuke628cdkpipelinetestCodePipelineActionRoleDefaultPolicy69042C2B",
        "Roles": [
          {
            "Ref": "PipelineSourcepensuke628cdkpipelinetestCodePipelineActionRole9BEFDA30",
          },
        ],
      },
      "Type": "AWS::IAM::Policy",
    },
  },
  "Rules": {
    "CheckBootstrapVersion": {
      "Assertions": [
        {
          "Assert": {
            "Fn::Not": [
              {
                "Fn::Contains": [
                  [
                    "1",
                    "2",
                    "3",
                    "4",
                    "5",
                  ],
                  {
                    "Ref": "BootstrapVersion",
                  },
                ],
              },
            ],
          },
          "AssertDescription": "CDK bootstrap stack version 6 required. Please run 'cdk bootstrap' with a recent version of the CDK CLI.",
        },
      ],
    },
  },
}
`;
